studiocastd 0.1.0 (60089e3)
Virtual camera supervisor started. Press Ctrl+C to stop.

[status] consumers=0 running=no in=(auto) out=(auto)
[last_error] Output open failed: Failed to open v4l2loopback output /dev/video10:
Tried rgb24:
Failed to open/negotiate V4L2 format for /dev/video10 (desired=rgb24, 1280x960)

Attempt 1 (O_WRONLY):
Failed to set/query format for /dev/video10 (desired=rgb24, 1280x960)
querycap.driver=v4l2 loopback card=StudioCast Camera bus=platform:v4l2loopback-000
querycap.caps=0x5200000 (READWRITE STREAMING)
Tried VIDEO_OUTPUT S_FMT(with stride): VIDIOC_S_FMT(VIDEO_OUTPUT) failed: Invalid argument
Tried VIDEO_OUTPUT S_FMT(no stride):   VIDIOC_S_FMT(VIDEO_OUTPUT) failed: Invalid argument
Tried VIDEO_CAPTURE S_FMT(with stride): VIDIOC_S_FMT(VIDEO_CAPTURE) failed: Invalid argument
Tried VIDEO_CAPTURE S_FMT(no stride):   VIDIOC_S_FMT(VIDEO_CAPTURE) failed: Invalid argument
Tried VIDEO_OUTPUT G_FMT: VIDIOC_G_FMT(VIDEO_OUTPUT) failed: Invalid argument
Tried VIDEO_CAPTURE G_FMT: VIDIOC_G_FMT(VIDEO_CAPTURE) failed: Invalid argument


Attempt 2 (O_RDWR):
Failed to set/query format for /dev/video10 (desired=rgb24, 1280x960)
querycap.driver=v4l2 loopback card=StudioCast Camera bus=platform:v4l2loopback-000
querycap.caps=0x5200000 (READWRITE STREAMING)
Tried VIDEO_OUTPUT S_FMT(with stride): VIDIOC_S_FMT(VIDEO_OUTPUT) failed: Invalid argument
Tried VIDEO_OUTPUT S_FMT(no stride):   VIDIOC_S_FMT(VIDEO_OUTPUT) failed: Invalid argument
Tried VIDEO_CAPTURE S_FMT(with stride): VIDIOC_S_FMT(VIDEO_CAPTURE) failed: Invalid argument
Tried VIDEO_CAPTURE S_FMT(no stride):   VIDIOC_S_FMT(VIDEO_CAPTURE) failed: Invalid argument
Tried VIDEO_OUTPUT G_FMT: VIDIOC_G_FMT(VIDEO_OUTPUT) failed: Invalid argument
Tried VIDEO_CAPTURE G_FMT: VIDIOC_G_FMT(VIDEO_CAPTURE) failed: Invalid argument


Tried yuyv:
Failed to open/negotiate V4L2 format for /dev/video10 (desired=yuyv, 1280x960)

Attempt 1 (O_WRONLY):
Failed to set/query format for /dev/video10 (desired=yuyv, 1280x960)
querycap.driver=v4l2 loopback card=StudioCast Camera bus=platform:v4l2loopback-000
querycap.caps=0x5200000 (READWRITE STREAMING)
Tried VIDEO_OUTPUT S_FMT(with stride): VIDIOC_S_FMT(VIDEO_OUTPUT) failed: Invalid argument
Tried VIDEO_OUTPUT S_FMT(no stride):   VIDIOC_S_FMT(VIDEO_OUTPUT) failed: Invalid argument
Tried VIDEO_CAPTURE S_FMT(with stride): VIDIOC_S_FMT(VIDEO_CAPTURE) failed: Invalid argument
Tried VIDEO_CAPTURE S_FMT(no stride):   VIDIOC_S_FMT(VIDEO_CAPTURE) failed: Invalid argument
Tried VIDEO_OUTPUT G_FMT: VIDIOC_G_FMT(VIDEO_OUTPUT) failed: Invalid argument
Tried VIDEO_CAPTURE G_FMT: VIDIOC_G_FMT(VIDEO_CAPTURE) failed: Invalid argument


Attempt 2 (O_RDWR):
Failed to set/query format for /dev/video10 (desired=yuyv, 1280x960)
querycap.driver=v4l2 loopback card=StudioCast Camera bus=platform:v4l2loopback-000
querycap.caps=0x5200000 (READWRITE STREAMING)
Tried VIDEO_OUTPUT S_FMT(with stride): VIDIOC_S_FMT(VIDEO_OUTPUT) failed: Invalid argument
Tried VIDEO_OUTPUT S_FMT(no stride):   VIDIOC_S_FMT(VIDEO_OUTPUT) failed: Invalid argument
Tried VIDEO_CAPTURE S_FMT(with stride): VIDIOC_S_FMT(VIDEO_CAPTURE) failed: Invalid argument
Tried VIDEO_CAPTURE S_FMT(no stride):   VIDIOC_S_FMT(VIDEO_CAPTURE) failed: Invalid argument
Tried VIDEO_OUTPUT G_FMT: VIDIOC_G_FMT(VIDEO_OUTPUT) failed: Invalid argument
Tried VIDEO_CAPTURE G_FMT: VIDIOC_G_FMT(VIDEO_CAPTURE) failed: Invalid argument

[status] consumers=0 running=starting in=(auto) out=(auto)
[last_error] Output open failed: Failed to open v4l2loopback output /dev/video10:
Tried rgb24:
Failed to open/negotiate V4L2 format for /dev/video10 (desired=rgb24, 1280x960)

Attempt 1 (O_WRONLY):
Failed to set/query format for /dev/video10 (desired=rgb24, 1280x960)
querycap.driver=v4l2 loopback card=StudioCast Camera bus=platform:v4l2loopback-000
querycap.caps=0x5200000 (READWRITE STREAMING)
Tried VIDEO_OUTPUT S_FMT(with stride): VIDIOC_S_FMT(VIDEO_OUTPUT) failed: Invalid argument
Tried VIDEO_OUTPUT S_FMT(no stride):   VIDIOC_S_FMT(VIDEO_OUTPUT) failed: Invalid argument
Tried VIDEO_CAPTURE S_FMT(with stride): VIDIOC_S_FMT(VIDEO_CAPTURE) failed: Invalid argument
Tried VIDEO_CAPTURE S_FMT(no stride):   VIDIOC_S_FMT(VIDEO_CAPTURE) failed: Invalid argument
Tried VIDEO_OUTPUT G_FMT: VIDIOC_G_FMT(VIDEO_OUTPUT) failed: Invalid argument
Tried VIDEO_CAPTURE G_FMT: VIDIOC_G_FMT(VIDEO_CAPTURE) failed: Invalid argument


Attempt 2 (O_RDWR):
Failed to set/query format for /dev/video10 (desired=rgb24, 1280x960)
querycap.driver=v4l2 loopback card=StudioCast Camera bus=platform:v4l2loopback-000
querycap.caps=0x5200000 (READWRITE STREAMING)
Tried VIDEO_OUTPUT S_FMT(with stride): VIDIOC_S_FMT(VIDEO_OUTPUT) failed: Invalid argument
Tried VIDEO_OUTPUT S_FMT(no stride):   VIDIOC_S_FMT(VIDEO_OUTPUT) failed: Invalid argument
Tried VIDEO_CAPTURE S_FMT(with stride): VIDIOC_S_FMT(VIDEO_CAPTURE) failed: Invalid argument
Tried VIDEO_CAPTURE S_FMT(no stride):   VIDIOC_S_FMT(VIDEO_CAPTURE) failed: Invalid argument
Tried VIDEO_OUTPUT G_FMT: VIDIOC_G_FMT(VIDEO_OUTPUT) failed: Invalid argument
Tried VIDEO_CAPTURE G_FMT: VIDIOC_G_FMT(VIDEO_CAPTURE) failed: Invalid argument


Tried yuyv:
Failed to open/negotiate V4L2 format for /dev/video10 (desired=yuyv, 1280x960)

Attempt 1 (O_WRONLY):
Failed to set/query format for /dev/video10 (desired=yuyv, 1280x960)
querycap.driver=v4l2 loopback card=StudioCast Camera bus=platform:v4l2loopback-000
querycap.caps=0x5200000 (READWRITE STREAMING)
Tried VIDEO_OUTPUT S_FMT(with stride): VIDIOC_S_FMT(VIDEO_OUTPUT) failed: Invalid argument
Tried VIDEO_OUTPUT S_FMT(no stride):   VIDIOC_S_FMT(VIDEO_OUTPUT) failed: Invalid argument
Tried VIDEO_CAPTURE S_FMT(with stride): VIDIOC_S_FMT(VIDEO_CAPTURE) failed: Invalid argument
Tried VIDEO_CAPTURE S_FMT(no stride):   VIDIOC_S_FMT(VIDEO_CAPTURE) failed: Invalid argument
Tried VIDEO_OUTPUT G_FMT: VIDIOC_G_FMT(VIDEO_OUTPUT) failed: Invalid argument
Tried VIDEO_CAPTURE G_FMT: VIDIOC_G_FMT(VIDEO_CAPTURE) failed: Invalid argument


Attempt 2 (O_RDWR):
Failed to set/query format for /dev/video10 (desired=yuyv, 1280x960)
querycap.driver=v4l2 loopback card=StudioCast Camera bus=platform:v4l2loopback-000
querycap.caps=0x5200000 (READWRITE STREAMING)
Tried VIDEO_OUTPUT S_FMT(with stride): VIDIOC_S_FMT(VIDEO_OUTPUT) failed: Invalid argument
Tried VIDEO_OUTPUT S_FMT(no stride):   VIDIOC_S_FMT(VIDEO_OUTPUT) failed: Invalid argument
Tried VIDEO_CAPTURE S_FMT(with stride): VIDIOC_S_FMT(VIDEO_CAPTURE) failed: Invalid argument
Tried VIDEO_CAPTURE S_FMT(no stride):   VIDIOC_S_FMT(VIDEO_CAPTURE) failed: Invalid argument
Tried VIDEO_OUTPUT G_FMT: VIDIOC_G_FMT(VIDEO_OUTPUT) failed: Invalid argument
Tried VIDEO_CAPTURE G_FMT: VIDIOC_G_FMT(VIDEO_CAPTURE) failed: Invalid argument

[status] consumers=0 running=no in=(auto) out=(auto)
[last_error] Output open failed: Failed to open v4l2loopback output /dev/video10:
Tried rgb24:
Failed to open/negotiate V4L2 format for /dev/video10 (desired=rgb24, 1280x960)

Attempt 1 (O_WRONLY):
Failed to set/query format for /dev/video10 (desired=rgb24, 1280x960)
querycap.driver=v4l2 loopback card=StudioCast Camera bus=platform:v4l2loopback-000
querycap.caps=0x5200000 (READWRITE STREAMING)
Tried VIDEO_OUTPUT S_FMT(with stride): VIDIOC_S_FMT(VIDEO_OUTPUT) failed: Invalid argument
Tried VIDEO_OUTPUT S_FMT(no stride):   VIDIOC_S_FMT(VIDEO_OUTPUT) failed: Invalid argument
Tried VIDEO_CAPTURE S_FMT(with stride): VIDIOC_S_FMT(VIDEO_CAPTURE) failed: Invalid argument
Tried VIDEO_CAPTURE S_FMT(no stride):   VIDIOC_S_FMT(VIDEO_CAPTURE) failed: Invalid argument
Tried VIDEO_OUTPUT G_FMT: VIDIOC_G_FMT(VIDEO_OUTPUT) failed: Invalid argument
Tried VIDEO_CAPTURE G_FMT: VIDIOC_G_FMT(VIDEO_CAPTURE) failed: Invalid argument


Attempt 2 (O_RDWR):
Failed to set/query format for /dev/video10 (desired=rgb24, 1280x960)
querycap.driver=v4l2 loopback card=StudioCast Camera bus=platform:v4l2loopback-000
querycap.caps=0x5200000 (READWRITE STREAMING)
Tried VIDEO_OUTPUT S_FMT(with stride): VIDIOC_S_FMT(VIDEO_OUTPUT) failed: Invalid argument
Tried VIDEO_OUTPUT S_FMT(no stride):   VIDIOC_S_FMT(VIDEO_OUTPUT) failed: Invalid argument
Tried VIDEO_CAPTURE S_FMT(with stride): VIDIOC_S_FMT(VIDEO_CAPTURE) failed: Invalid argument
Tried VIDEO_CAPTURE S_FMT(no stride):   VIDIOC_S_FMT(VIDEO_CAPTURE) failed: Invalid argument
Tried VIDEO_OUTPUT G_FMT: VIDIOC_G_FMT(VIDEO_OUTPUT) failed: Invalid argument
Tried VIDEO_CAPTURE G_FMT: VIDIOC_G_FMT(VIDEO_CAPTURE) failed: Invalid argument


Tried yuyv:
Failed to open/negotiate V4L2 format for /dev/video10 (desired=yuyv, 1280x960)

Attempt 1 (O_WRONLY):
Failed to set/query format for /dev/video10 (desired=yuyv, 1280x960)
querycap.driver=v4l2 loopback card=StudioCast Camera bus=platform:v4l2loopback-000
querycap.caps=0x5200000 (READWRITE STREAMING)
Tried VIDEO_OUTPUT S_FMT(with stride): VIDIOC_S_FMT(VIDEO_OUTPUT) failed: Invalid argument
Tried VIDEO_OUTPUT S_FMT(no stride):   VIDIOC_S_FMT(VIDEO_OUTPUT) failed: Invalid argument
Tried VIDEO_CAPTURE S_FMT(with stride): VIDIOC_S_FMT(VIDEO_CAPTURE) failed: Invalid argument
Tried VIDEO_CAPTURE S_FMT(no stride):   VIDIOC_S_FMT(VIDEO_CAPTURE) failed: Invalid argument
Tried VIDEO_OUTPUT G_FMT: VIDIOC_G_FMT(VIDEO_OUTPUT) failed: Invalid argument
Tried VIDEO_CAPTURE G_FMT: VIDIOC_G_FMT(VIDEO_CAPTURE) failed: Invalid argument


Attempt 2 (O_RDWR):
Failed to set/query format for /dev/video10 (desired=yuyv, 1280x960)
querycap.driver=v4l2 loopback card=StudioCast Camera bus=platform:v4l2loopback-000
querycap.caps=0x5200000 (READWRITE STREAMING)
Tried VIDEO_OUTPUT S_FMT(with stride): VIDIOC_S_FMT(VIDEO_OUTPUT) failed: Invalid argument
Tried VIDEO_OUTPUT S_FMT(no stride):   VIDIOC_S_FMT(VIDEO_OUTPUT) failed: Invalid argument
Tried VIDEO_CAPTURE S_FMT(with stride): VIDIOC_S_FMT(VIDEO_CAPTURE) failed: Invalid argument
Tried VIDEO_CAPTURE S_FMT(no stride):   VIDIOC_S_FMT(VIDEO_CAPTURE) failed: Invalid argument
Tried VIDEO_OUTPUT G_FMT: VIDIOC_G_FMT(VIDEO_OUTPUT) failed: Invalid argument
Tried VIDEO_CAPTURE G_FMT: VIDIOC_G_FMT(VIDEO_CAPTURE) failed: Invalid argument

[status] consumers=0 running=no in=(auto) out=(auto)
[last_error] Pipeline start failed: Failed to open v4l2loopback output /dev/video10:
Tried rgb24:
Failed to open/negotiate V4L2 format for /dev/video10 (desired=rgb24, 1280x960)

Attempt 1 (O_WRONLY):
Failed to set/query format for /dev/video10 (desired=rgb24, 1280x960)
querycap.driver=v4l2 loopback card=StudioCast Camera bus=platform:v4l2loopback-000
querycap.caps=0x5200000 (READWRITE STREAMING)
Tried VIDEO_OUTPUT S_FMT(with stride): VIDIOC_S_FMT(VIDEO_OUTPUT) failed: Invalid argument
Tried VIDEO_OUTPUT S_FMT(no stride):   VIDIOC_S_FMT(VIDEO_OUTPUT) failed: Invalid argument
Tried VIDEO_CAPTURE S_FMT(with stride): VIDIOC_S_FMT(VIDEO_CAPTURE) failed: Invalid argument
Tried VIDEO_CAPTURE S_FMT(no stride):   VIDIOC_S_FMT(VIDEO_CAPTURE) failed: Invalid argument
Tried VIDEO_OUTPUT G_FMT: VIDIOC_G_FMT(VIDEO_OUTPUT) failed: Invalid argument
Tried VIDEO_CAPTURE G_FMT: VIDIOC_G_FMT(VIDEO_CAPTURE) failed: Invalid argument


Attempt 2 (O_RDWR):
Failed to set/query format for /dev/video10 (desired=rgb24, 1280x960)
querycap.driver=v4l2 loopback card=StudioCast Camera bus=platform:v4l2loopback-000
querycap.caps=0x5200000 (READWRITE STREAMING)
Tried VIDEO_OUTPUT S_FMT(with stride): VIDIOC_S_FMT(VIDEO_OUTPUT) failed: Invalid argument
Tried VIDEO_OUTPUT S_FMT(no stride):   VIDIOC_S_FMT(VIDEO_OUTPUT) failed: Invalid argument
Tried VIDEO_CAPTURE S_FMT(with stride): VIDIOC_S_FMT(VIDEO_CAPTURE) failed: Invalid argument
Tried VIDEO_CAPTURE S_FMT(no stride):   VIDIOC_S_FMT(VIDEO_CAPTURE) failed: Invalid argument
Tried VIDEO_OUTPUT G_FMT: VIDIOC_G_FMT(VIDEO_OUTPUT) failed: Invalid argument
Tried VIDEO_CAPTURE G_FMT: VIDIOC_G_FMT(VIDEO_CAPTURE) failed: Invalid argument


Tried yuyv:
Failed to open/negotiate V4L2 format for /dev/video10 (desired=yuyv, 1280x960)

Attempt 1 (O_WRONLY):
Failed to set/query format for /dev/video10 (desired=yuyv, 1280x960)
querycap.driver=v4l2 loopback card=StudioCast Camera bus=platform:v4l2loopback-000
querycap.caps=0x5200000 (READWRITE STREAMING)
Tried VIDEO_OUTPUT S_FMT(with stride): VIDIOC_S_FMT(VIDEO_OUTPUT) failed: Invalid argument
Tried VIDEO_OUTPUT S_FMT(no stride):   VIDIOC_S_FMT(VIDEO_OUTPUT) failed: Invalid argument
Tried VIDEO_CAPTURE S_FMT(with stride): VIDIOC_S_FMT(VIDEO_CAPTURE) failed: Invalid argument
Tried VIDEO_CAPTURE S_FMT(no stride):   VIDIOC_S_FMT(VIDEO_CAPTURE) failed: Invalid argument
Tried VIDEO_OUTPUT G_FMT: VIDIOC_G_FMT(VIDEO_OUTPUT) failed: Invalid argument
Tried VIDEO_CAPTURE G_FMT: VIDIOC_G_FMT(VIDEO_CAPTURE) failed: Invalid argument


Attempt 2 (O_RDWR):
Failed to set/query format for /dev/video10 (desired=yuyv, 1280x960)
querycap.driver=v4l2 loopback card=StudioCast Camera bus=platform:v4l2loopback-000
querycap.caps=0x5200000 (READWRITE STREAMING)
Tried VIDEO_OUTPUT S_FMT(with stride): VIDIOC_S_FMT(VIDEO_OUTPUT) failed: Invalid argument
Tried VIDEO_OUTPUT S_FMT(no stride):   VIDIOC_S_FMT(VIDEO_OUTPUT) failed: Invalid argument
Tried VIDEO_CAPTURE S_FMT(with stride): VIDIOC_S_FMT(VIDEO_CAPTURE) failed: Invalid argument
Tried VIDEO_CAPTURE S_FMT(no stride):   VIDIOC_S_FMT(VIDEO_CAPTURE) failed: Invalid argument
Tried VIDEO_OUTPUT G_FMT: VIDIOC_G_FMT(VIDEO_OUTPUT) failed: Invalid argument
Tried VIDEO_CAPTURE G_FMT: VIDIOC_G_FMT(VIDEO_CAPTURE) failed: Invalid argument

[status] consumers=0 running=no in=(auto) out=(auto)
[last_error] Output open failed: Failed to open v4l2loopback output /dev/video10:
Tried rgb24:
Failed to open/negotiate V4L2 format for /dev/video10 (desired=rgb24, 1280x960)

Attempt 1 (O_WRONLY):
Failed to set/query format for /dev/video10 (desired=rgb24, 1280x960)
querycap.driver=v4l2 loopback card=StudioCast Camera bus=platform:v4l2loopback-000
querycap.caps=0x5200000 (READWRITE STREAMING)
Tried VIDEO_OUTPUT S_FMT(with stride): VIDIOC_S_FMT(VIDEO_OUTPUT) failed: Invalid argument
Tried VIDEO_OUTPUT S_FMT(no stride):   VIDIOC_S_FMT(VIDEO_OUTPUT) failed: Invalid argument
Tried VIDEO_CAPTURE S_FMT(with stride): VIDIOC_S_FMT(VIDEO_CAPTURE) failed: Invalid argument
Tried VIDEO_CAPTURE S_FMT(no stride):   VIDIOC_S_FMT(VIDEO_CAPTURE) failed: Invalid argument
Tried VIDEO_OUTPUT G_FMT: VIDIOC_G_FMT(VIDEO_OUTPUT) failed: Invalid argument
Tried VIDEO_CAPTURE G_FMT: VIDIOC_G_FMT(VIDEO_CAPTURE) failed: Invalid argument


Attempt 2 (O_RDWR):
Failed to set/query format for /dev/video10 (desired=rgb24, 1280x960)
querycap.driver=v4l2 loopback card=StudioCast Camera bus=platform:v4l2loopback-000
querycap.caps=0x5200000 (READWRITE STREAMING)
Tried VIDEO_OUTPUT S_FMT(with stride): VIDIOC_S_FMT(VIDEO_OUTPUT) failed: Invalid argument
Tried VIDEO_OUTPUT S_FMT(no stride):   VIDIOC_S_FMT(VIDEO_OUTPUT) failed: Invalid argument
Tried VIDEO_CAPTURE S_FMT(with stride): VIDIOC_S_FMT(VIDEO_CAPTURE) failed: Invalid argument
Tried VIDEO_CAPTURE S_FMT(no stride):   VIDIOC_S_FMT(VIDEO_CAPTURE) failed: Invalid argument
Tried VIDEO_OUTPUT G_FMT: VIDIOC_G_FMT(VIDEO_OUTPUT) failed: Invalid argument
Tried VIDEO_CAPTURE G_FMT: VIDIOC_G_FMT(VIDEO_CAPTURE) failed: Invalid argument


Tried yuyv:
Failed to open/negotiate V4L2 format for /dev/video10 (desired=yuyv, 1280x960)

Attempt 1 (O_WRONLY):
Failed to set/query format for /dev/video10 (desired=yuyv, 1280x960)
querycap.driver=v4l2 loopback card=StudioCast Camera bus=platform:v4l2loopback-000
querycap.caps=0x5200000 (READWRITE STREAMING)
Tried VIDEO_OUTPUT S_FMT(with stride): VIDIOC_S_FMT(VIDEO_OUTPUT) failed: Invalid argument
Tried VIDEO_OUTPUT S_FMT(no stride):   VIDIOC_S_FMT(VIDEO_OUTPUT) failed: Invalid argument
Tried VIDEO_CAPTURE S_FMT(with stride): VIDIOC_S_FMT(VIDEO_CAPTURE) failed: Invalid argument
Tried VIDEO_CAPTURE S_FMT(no stride):   VIDIOC_S_FMT(VIDEO_CAPTURE) failed: Invalid argument
Tried VIDEO_OUTPUT G_FMT: VIDIOC_G_FMT(VIDEO_OUTPUT) failed: Invalid argument
Tried VIDEO_CAPTURE G_FMT: VIDIOC_G_FMT(VIDEO_CAPTURE) failed: Invalid argument


Attempt 2 (O_RDWR):
Failed to set/query format for /dev/video10 (desired=yuyv, 1280x960)
querycap.driver=v4l2 loopback card=StudioCast Camera bus=platform:v4l2loopback-000
querycap.caps=0x5200000 (READWRITE STREAMING)
Tried VIDEO_OUTPUT S_FMT(with stride): VIDIOC_S_FMT(VIDEO_OUTPUT) failed: Invalid argument
Tried VIDEO_OUTPUT S_FMT(no stride):   VIDIOC_S_FMT(VIDEO_OUTPUT) failed: Invalid argument
Tried VIDEO_CAPTURE S_FMT(with stride): VIDIOC_S_FMT(VIDEO_CAPTURE) failed: Invalid argument
Tried VIDEO_CAPTURE S_FMT(no stride):   VIDIOC_S_FMT(VIDEO_CAPTURE) failed: Invalid argument
Tried VIDEO_OUTPUT G_FMT: VIDIOC_G_FMT(VIDEO_OUTPUT) failed: Invalid argument
Tried VIDEO_CAPTURE G_FMT: VIDIOC_G_FMT(VIDEO_CAPTURE) failed: Invalid argument

